11:00:31  INFO     ============================================================
11:00:31  INFO     Starting SAE run  classes=['pcb1', 'pcb2', 'pcb3', 'pcb4', 'capsules', 'candle']  resume=False
11:00:31  INFO     d_sae=1536  k=16
11:00:31  INFO     ============================================================
11:00:31  INFO       6218 samples indexed
11:00:35  INFO     HTTP Request: HEAD https://huggingface.co/facebook/dinov3-vitb16-pretrain-lvd1689m/resolve/main/processor_config.json "HTTP/1.1 404 Not Found"
11:00:35  INFO     HTTP Request: HEAD https://huggingface.co/facebook/dinov3-vitb16-pretrain-lvd1689m/resolve/main/preprocessor_config.json "HTTP/1.1 200 OK"
11:00:36  INFO     HTTP Request: HEAD https://huggingface.co/facebook/dinov3-vitb16-pretrain-lvd1689m/resolve/main/processor_config.json "HTTP/1.1 404 Not Found"
11:00:36  INFO     HTTP Request: HEAD https://huggingface.co/facebook/dinov3-vitb16-pretrain-lvd1689m/resolve/main/preprocessor_config.json "HTTP/1.1 200 OK"
11:00:36  INFO     HTTP Request: HEAD https://huggingface.co/facebook/dinov3-vitb16-pretrain-lvd1689m/resolve/main/config.json "HTTP/1.1 200 OK"
11:00:37  INFO       facebook/dinov3-vitb16-pretrain-lvd1689m | device=cuda dtype=torch.bfloat16 | tile=224 grid=14x14 patches/tile=196 dim=768
11:00:37  INFO     ============================================================
11:00:37  INFO     CLASS: pcb1
11:00:37  INFO     ============================================================
11:00:37  INFO       Train normals : 80
11:00:37  INFO       Test samples  : 200
11:00:37  INFO       Extracting training features...
11:00:52  INFO       Feature extraction: 15.2s
11:00:55  INFO       Subsampling 987,840 -> 500,000 patches for RAM budget
11:00:58  INFO       Training tensor: (500000, 768)  (500,000 patches x 768 dims)
11:00:58  INFO       SAE config: d_sae=1536 (n_groups=512 x group_size=3), k=16
11:01:00  INFO       epoch   1/40  loss=0.39858  recon=0.39857  L0=16.0
11:01:03  INFO       epoch   4/40  loss=0.14686  recon=0.14686  L0=16.0
11:01:08  INFO       epoch   8/40  loss=0.12163  recon=0.12163  L0=16.0
11:01:13  INFO       epoch  12/40  loss=0.11504  recon=0.11504  L0=16.0
11:01:18  INFO       epoch  16/40  loss=0.11186  recon=0.11185  L0=16.0
11:01:23  INFO       epoch  20/40  loss=0.10909  recon=0.10908  L0=16.0
11:01:28  INFO       epoch  24/40  loss=0.10679  recon=0.10679  L0=16.0
11:01:33  INFO       epoch  28/40  loss=0.10475  recon=0.10474  L0=16.0
11:01:38  INFO       epoch  32/40  loss=0.10338  recon=0.10338  L0=16.0
11:01:43  INFO       epoch  36/40  loss=0.10204  recon=0.10204  L0=16.0
11:01:49  INFO       epoch  40/40  loss=0.10098  recon=0.10098  L0=16.0
11:01:49  INFO       Training complete in 51.1s
11:01:49  INFO       Saved weights -> C:\Users\saumi\Desktop\CODES\parllex\Parallax\data\sae\pcb1.pt
11:01:49  INFO       Saved training curves -> C:\Users\saumi\Desktop\CODES\parllex\Parallax\logs\sae\plots\pcb1_sae_training_curves.png
11:01:49  INFO       Computing subspace capture...
11:04:39  INFO     ============================================================
11:04:39  INFO     Starting SAE run  classes=['pcb1', 'pcb2', 'pcb3', 'pcb4', 'capsules', 'candle']  resume=True
11:04:39  INFO     d_sae=1536  k=16
11:04:39  INFO     ============================================================
11:04:39  INFO       6218 samples indexed
11:04:43  INFO     HTTP Request: HEAD https://huggingface.co/facebook/dinov3-vitb16-pretrain-lvd1689m/resolve/main/processor_config.json "HTTP/1.1 404 Not Found"
11:04:43  INFO     HTTP Request: HEAD https://huggingface.co/facebook/dinov3-vitb16-pretrain-lvd1689m/resolve/main/preprocessor_config.json "HTTP/1.1 200 OK"
11:04:43  INFO     HTTP Request: HEAD https://huggingface.co/facebook/dinov3-vitb16-pretrain-lvd1689m/resolve/main/processor_config.json "HTTP/1.1 404 Not Found"
11:04:44  INFO     HTTP Request: HEAD https://huggingface.co/facebook/dinov3-vitb16-pretrain-lvd1689m/resolve/main/preprocessor_config.json "HTTP/1.1 200 OK"
11:04:44  INFO     HTTP Request: HEAD https://huggingface.co/facebook/dinov3-vitb16-pretrain-lvd1689m/resolve/main/config.json "HTTP/1.1 200 OK"
11:04:44  INFO       facebook/dinov3-vitb16-pretrain-lvd1689m | device=cuda dtype=torch.bfloat16 | tile=224 grid=14x14 patches/tile=196 dim=768
11:04:44  INFO     ============================================================
11:04:44  INFO     CLASS: pcb1
11:04:44  INFO     ============================================================
11:04:44  INFO       Train normals : 80
11:04:44  INFO       Test samples  : 200
11:04:44  INFO       [Resume] Loading weights from C:\Users\saumi\Desktop\CODES\parllex\Parallax\data\sae\pcb1.pt...
11:04:44  INFO       Computing subspace capture on test normals (resume mode)...
11:04:49  INFO       Subsampling 246,960 -> 50,000 patches for RAM budget
11:04:57  INFO       Evaluating on test split...
11:05:53  INFO       Saved score distribution -> C:\Users\saumi\Desktop\CODES\parllex\Parallax\logs\sae\plots\pcb1_sae_score_distribution.png
11:07:41  INFO       img AUROC=0.8892  img AP=0.87
11:07:41  INFO       pix AUROC=0.9939  AUPRO=0.8935
11:07:41  INFO       subspace k@95%=65  elbow=22  var@k16=0.4662
11:07:41  INFO       Saved metrics -> C:\Users\saumi\Desktop\CODES\parllex\Parallax\logs\sae\pcb1_metrics.json
11:07:41  INFO     ============================================================
11:07:41  INFO     CLASS: pcb2
11:07:41  INFO     ============================================================
11:07:41  INFO       Train normals : 80
11:07:41  INFO       Test samples  : 200
11:07:41  INFO       Extracting training features...
11:07:56  INFO       Feature extraction: 15.2s
11:08:00  INFO       Subsampling 987,840 -> 500,000 patches for RAM budget
11:08:01  INFO       Training tensor: (500000, 768)  (500,000 patches x 768 dims)
11:08:01  INFO       SAE config: d_sae=1536 (n_groups=512 x group_size=3), k=16
11:08:03  INFO       epoch   1/40  loss=0.37172  recon=0.37172  L0=16.0
11:08:07  INFO       epoch   4/40  loss=0.12335  recon=0.12335  L0=16.0
11:08:12  INFO       epoch   8/40  loss=0.10240  recon=0.10240  L0=16.0
11:08:17  INFO       epoch  12/40  loss=0.09760  recon=0.09760  L0=16.0
11:08:22  INFO       epoch  16/40  loss=0.09453  recon=0.09453  L0=16.0
11:08:28  INFO       epoch  20/40  loss=0.09255  recon=0.09254  L0=16.0
11:08:33  INFO       epoch  24/40  loss=0.09132  recon=0.09132  L0=16.0
11:08:38  INFO       epoch  28/40  loss=0.09045  recon=0.09045  L0=16.0
11:08:44  INFO       epoch  32/40  loss=0.08966  recon=0.08965  L0=16.0
11:08:49  INFO       epoch  36/40  loss=0.08909  recon=0.08909  L0=16.0
11:08:54  INFO       epoch  40/40  loss=0.08820  recon=0.08819  L0=16.0
11:08:54  INFO       Training complete in 52.9s
11:08:54  INFO       Saved weights -> C:\Users\saumi\Desktop\CODES\parllex\Parallax\data\sae\pcb2.pt
11:08:55  INFO       Saved training curves -> C:\Users\saumi\Desktop\CODES\parllex\Parallax\logs\sae\plots\pcb2_sae_training_curves.png
11:08:55  INFO       Computing subspace capture...
11:09:02  INFO       Subspace: k_for_95pct=65  elbow=16  var@k16=0.5691
11:09:02  INFO       Saved subspace capture -> C:\Users\saumi\Desktop\CODES\parllex\Parallax\logs\sae\plots\pcb2_subspace_capture.png
11:09:02  INFO       Evaluating on test split...
11:09:58  INFO       Saved score distribution -> C:\Users\saumi\Desktop\CODES\parllex\Parallax\logs\sae\plots\pcb2_sae_score_distribution.png
11:11:44  INFO       img AUROC=0.6882  img AP=0.6836
11:11:44  INFO       pix AUROC=0.9649  AUPRO=0.8084
11:11:44  INFO       subspace k@95%=65  elbow=16  var@k16=0.5691
11:11:44  INFO       Saved metrics -> C:\Users\saumi\Desktop\CODES\parllex\Parallax\logs\sae\pcb2_metrics.json
11:11:45  INFO     ============================================================
11:11:45  INFO     CLASS: pcb3
11:11:45  INFO     ============================================================
11:11:45  INFO       Train normals : 80
11:11:45  INFO       Test samples  : 201
11:11:45  INFO       Extracting training features...
11:11:58  INFO       Feature extraction: 13.0s
11:12:01  INFO       Subsampling 846,720 -> 500,000 patches for RAM budget
11:12:02  INFO       Training tensor: (500000, 768)  (500,000 patches x 768 dims)
11:12:02  INFO       SAE config: d_sae=1536 (n_groups=512 x group_size=3), k=16
11:12:04  INFO       epoch   1/40  loss=0.40235  recon=0.40235  L0=16.0
11:12:08  INFO       epoch   4/40  loss=0.13376  recon=0.13375  L0=16.0
11:12:13  INFO       epoch   8/40  loss=0.11333  recon=0.11333  L0=16.0
11:12:18  INFO       epoch  12/40  loss=0.10710  recon=0.10710  L0=16.0
11:12:23  INFO       epoch  16/40  loss=0.10394  recon=0.10394  L0=16.0
11:12:28  INFO       epoch  20/40  loss=0.10157  recon=0.10157  L0=16.0
11:12:33  INFO       epoch  24/40  loss=0.10021  recon=0.10021  L0=16.0
11:12:38  INFO       epoch  28/40  loss=0.09930  recon=0.09930  L0=16.0
11:12:43  INFO       epoch  32/40  loss=0.09826  recon=0.09825  L0=16.0
11:12:48  INFO       epoch  36/40  loss=0.09740  recon=0.09739  L0=16.0
11:12:54  INFO       epoch  40/40  loss=0.09654  recon=0.09654  L0=16.0
11:12:54  INFO       Training complete in 51.5s
11:12:54  INFO       Saved weights -> C:\Users\saumi\Desktop\CODES\parllex\Parallax\data\sae\pcb3.pt
11:12:54  INFO       Saved training curves -> C:\Users\saumi\Desktop\CODES\parllex\Parallax\logs\sae\plots\pcb3_sae_training_curves.png
11:12:54  INFO       Computing subspace capture...
11:13:02  INFO       Subspace: k_for_95pct=65  elbow=16  var@k16=0.4714
11:13:02  INFO       Saved subspace capture -> C:\Users\saumi\Desktop\CODES\parllex\Parallax\logs\sae\plots\pcb3_subspace_capture.png
11:13:02  INFO       Evaluating on test split...
11:13:51  INFO       Saved score distribution -> C:\Users\saumi\Desktop\CODES\parllex\Parallax\logs\sae\plots\pcb3_sae_score_distribution.png
11:15:37  INFO       img AUROC=0.8144  img AP=0.7921
11:15:37  INFO       pix AUROC=0.9743  AUPRO=0.8625
11:15:37  INFO       subspace k@95%=65  elbow=16  var@k16=0.4714
11:15:37  INFO       Saved metrics -> C:\Users\saumi\Desktop\CODES\parllex\Parallax\logs\sae\pcb3_metrics.json
11:15:38  INFO     ============================================================
11:15:38  INFO     CLASS: pcb4
11:15:38  INFO     ============================================================
11:15:38  INFO       Train normals : 80
11:15:38  INFO       Test samples  : 201
11:15:38  INFO       Extracting training features...
11:15:51  INFO       Feature extraction: 13.4s
11:15:54  INFO       Subsampling 878,080 -> 500,000 patches for RAM budget
11:15:56  INFO       Training tensor: (500000, 768)  (500,000 patches x 768 dims)
11:15:56  INFO       SAE config: d_sae=1536 (n_groups=512 x group_size=3), k=16
11:15:57  INFO       epoch   1/40  loss=0.37649  recon=0.37648  L0=16.0
11:16:01  INFO       epoch   4/40  loss=0.12936  recon=0.12936  L0=16.0
11:16:06  INFO       epoch   8/40  loss=0.10850  recon=0.10850  L0=16.0
11:16:11  INFO       epoch  12/40  loss=0.10236  recon=0.10236  L0=16.0
11:16:16  INFO       epoch  16/40  loss=0.09873  recon=0.09873  L0=16.0
11:16:21  INFO       epoch  20/40  loss=0.09649  recon=0.09648  L0=16.0
11:16:26  INFO       epoch  24/40  loss=0.09464  recon=0.09464  L0=16.0
11:16:32  INFO       epoch  28/40  loss=0.09311  recon=0.09310  L0=16.0
11:16:37  INFO       epoch  32/40  loss=0.09216  recon=0.09216  L0=16.0
11:16:42  INFO       epoch  36/40  loss=0.09157  recon=0.09156  L0=16.0
11:16:48  INFO       epoch  40/40  loss=0.09121  recon=0.09121  L0=16.0
11:16:48  INFO       Training complete in 52.0s
11:16:48  INFO       Saved weights -> C:\Users\saumi\Desktop\CODES\parllex\Parallax\data\sae\pcb4.pt
11:16:48  INFO       Saved training curves -> C:\Users\saumi\Desktop\CODES\parllex\Parallax\logs\sae\plots\pcb4_sae_training_curves.png
11:16:48  INFO       Computing subspace capture...
11:16:56  INFO       Subspace: k_for_95pct=65  elbow=17  var@k16=0.5369
11:16:56  INFO       Saved subspace capture -> C:\Users\saumi\Desktop\CODES\parllex\Parallax\logs\sae\plots\pcb4_subspace_capture.png
11:16:56  INFO       Evaluating on test split...
11:17:45  INFO       Saved score distribution -> C:\Users\saumi\Desktop\CODES\parllex\Parallax\logs\sae\plots\pcb4_sae_score_distribution.png
11:19:30  INFO       img AUROC=0.8853  img AP=0.7755
11:19:30  INFO       pix AUROC=0.9533  AUPRO=0.7967
11:19:30  INFO       subspace k@95%=65  elbow=17  var@k16=0.5369
11:19:30  INFO       Saved metrics -> C:\Users\saumi\Desktop\CODES\parllex\Parallax\logs\sae\pcb4_metrics.json
11:19:31  INFO     ============================================================
11:19:31  INFO     CLASS: capsules
11:19:31  INFO     ============================================================
11:19:31  INFO       Train normals : 80
11:19:31  INFO       Test samples  : 160
11:19:31  INFO       Extracting training features...
11:19:44  INFO       Feature extraction: 12.9s
11:19:46  INFO       Subsampling 846,720 -> 500,000 patches for RAM budget
11:19:48  INFO       Training tensor: (500000, 768)  (500,000 patches x 768 dims)
11:19:48  INFO       SAE config: d_sae=1536 (n_groups=512 x group_size=3), k=16
11:19:50  INFO       epoch   1/40  loss=0.39753  recon=0.39753  L0=16.0
11:19:54  INFO       epoch   4/40  loss=0.16014  recon=0.16014  L0=16.0
11:19:59  INFO       epoch   8/40  loss=0.13869  recon=0.13869  L0=16.0
11:20:04  INFO       epoch  12/40  loss=0.13084  recon=0.13083  L0=16.0
11:20:09  INFO       epoch  16/40  loss=0.12724  recon=0.12723  L0=16.0
11:20:14  INFO       epoch  20/40  loss=0.12433  recon=0.12433  L0=16.0
11:20:19  INFO       epoch  24/40  loss=0.12232  recon=0.12232  L0=16.0
11:20:24  INFO       epoch  28/40  loss=0.12065  recon=0.12065  L0=16.0
11:20:30  INFO       epoch  32/40  loss=0.11973  recon=0.11972  L0=16.0
11:20:35  INFO       epoch  36/40  loss=0.11883  recon=0.11883  L0=16.0
11:20:40  INFO       epoch  40/40  loss=0.11771  recon=0.11770  L0=16.0
11:20:40  INFO       Training complete in 52.0s
11:20:40  INFO       Saved weights -> C:\Users\saumi\Desktop\CODES\parllex\Parallax\data\sae\capsules.pt
11:20:40  INFO       Saved training curves -> C:\Users\saumi\Desktop\CODES\parllex\Parallax\logs\sae\plots\capsules_sae_training_curves.png
11:20:40  INFO       Computing subspace capture...
11:20:48  INFO       Subspace: k_for_95pct=65  elbow=21  var@k16=0.4904
11:20:48  INFO       Saved subspace capture -> C:\Users\saumi\Desktop\CODES\parllex\Parallax\logs\sae\plots\capsules_subspace_capture.png
11:20:48  INFO       Evaluating on test split...
11:21:28  INFO       Saved score distribution -> C:\Users\saumi\Desktop\CODES\parllex\Parallax\logs\sae\plots\capsules_sae_score_distribution.png
11:23:13  INFO       img AUROC=0.6928  img AP=0.8044
11:23:13  INFO       pix AUROC=0.9861  AUPRO=0.9277
11:23:13  INFO       subspace k@95%=65  elbow=21  var@k16=0.4904
11:23:13  INFO       Saved metrics -> C:\Users\saumi\Desktop\CODES\parllex\Parallax\logs\sae\capsules_metrics.json
11:23:13  INFO     ============================================================
11:23:13  INFO     CLASS: candle
11:23:13  INFO     ============================================================
11:23:13  INFO       Train normals : 80
11:23:13  INFO       Test samples  : 200
11:23:13  INFO       Extracting training features...
11:23:26  INFO       Feature extraction: 13.2s
11:23:29  INFO       Subsampling 878,080 -> 500,000 patches for RAM budget
11:23:31  INFO       Training tensor: (500000, 768)  (500,000 patches x 768 dims)
11:23:31  INFO       SAE config: d_sae=1536 (n_groups=512 x group_size=3), k=16
11:23:32  INFO       epoch   1/40  loss=0.41759  recon=0.41759  L0=16.0
11:23:36  INFO       epoch   4/40  loss=0.15140  recon=0.15139  L0=16.0
11:23:41  INFO       epoch   8/40  loss=0.12926  recon=0.12926  L0=16.0
11:23:46  INFO       epoch  12/40  loss=0.12101  recon=0.12100  L0=16.0
11:23:51  INFO       epoch  16/40  loss=0.11624  recon=0.11623  L0=16.0
11:23:56  INFO       epoch  20/40  loss=0.11338  recon=0.11338  L0=16.0
11:24:02  INFO       epoch  24/40  loss=0.11097  recon=0.11097  L0=16.0
11:24:07  INFO       epoch  28/40  loss=0.10950  recon=0.10950  L0=16.0
11:24:12  INFO       epoch  32/40  loss=0.10848  recon=0.10847  L0=16.0
11:24:17  INFO       epoch  36/40  loss=0.10769  recon=0.10769  L0=16.0
11:24:23  INFO       epoch  40/40  loss=0.10689  recon=0.10688  L0=16.0
11:24:23  INFO       Training complete in 52.0s
11:24:23  INFO       Saved weights -> C:\Users\saumi\Desktop\CODES\parllex\Parallax\data\sae\candle.pt
11:24:23  INFO       Saved training curves -> C:\Users\saumi\Desktop\CODES\parllex\Parallax\logs\sae\plots\candle_sae_training_curves.png
11:24:23  INFO       Computing subspace capture...
11:24:31  INFO       Subspace: k_for_95pct=65  elbow=20  var@k16=0.4285
11:24:31  INFO       Saved subspace capture -> C:\Users\saumi\Desktop\CODES\parllex\Parallax\logs\sae\plots\candle_subspace_capture.png
11:24:31  INFO       Evaluating on test split...
11:25:20  INFO       Saved score distribution -> C:\Users\saumi\Desktop\CODES\parllex\Parallax\logs\sae\plots\candle_sae_score_distribution.png
11:27:07  INFO       img AUROC=0.9391  img AP=0.9342
11:27:07  INFO       pix AUROC=0.9924  AUPRO=0.9586
11:27:07  INFO       subspace k@95%=65  elbow=20  var@k16=0.4285
11:27:07  INFO       Saved metrics -> C:\Users\saumi\Desktop\CODES\parllex\Parallax\logs\sae\candle_metrics.json
11:27:07  INFO     Saved SAE summary -> C:\Users\saumi\Desktop\CODES\parllex\Parallax\logs\sae\summary.json
11:27:07  INFO     Saved comparison report -> C:\Users\saumi\Desktop\CODES\parllex\Parallax\logs\stage4_comparison.md
